Running Gradle task 'assembleDebug'...
Warning: The plugin file_picker requires Android SDK version 36 or higher.
For more information about build configuration, see https://flutter.dev/to/review-gradle-config.
Your project is configured to compile against Android SDK 35, but the following plugin(s) require to be compiled against a higher Android SDK version:
- file_picker compiles against Android SDK 36
Fix this issue by compiling against the highest Android SDK version (they are backward compatible).
Add the following to C:\Users\delll\AndroidStudioProjects\Vocle\medcollab-beta-workflows\tests\functional-regression\output\d-d39d3ffe\target\medcollab-app\android\app\build.gradle.kts:

    android {
        compileSdk = 36
        ...
    }

Running Gradle task 'assembleDebug'...                             23.7s
√ Built build\app\outputs\flutter-apk\app-debug.apk
Installing build\app\outputs\flutter-apk\app-debug.apk...        2,322ms
I/WindowExtensionsImpl(12238): Initializing Window Extensions, vendor API level=9, activity embedding enabled=true
D/VRI[MainActivity](12238): WindowInsets changed: 1344x2992 statusBars:[0,159,0,0] navigationBars:[0,0,0,72] mandatorySystemGestures:[0,195,0,96]
D/WindowOnBackDispatcher(12238): setTopOnBackInvokedCallback (unwrapped): android.view.ViewRootImpl$$ExternalSyntheticLambda12@6283710
E/libEGL  (12238): called unimplemented OpenGL ES API
I/ocle.regression(12238): Compiler allocated 5087KB to compile void android.view.ViewRootImpl.performTraversals()
I/Choreographer(12238): Skipped 36 frames!  The application may be doing too much work on its main thread.
D/WindowLayoutComponentImpl(12238): Register WindowLayoutInfoListener on Context=com.example.medcollab_app.MainActivity@6468209, of which baseContext=android.app.ContextImpl@657cee6
I/HWUI    (12238): Using FreeType backend (prop=Auto)
VMServiceFlutterDriver: Connecting to Flutter application at http://127.0.0.1:32126/[redacted-vm-service]/
VMServiceFlutterDriver: Isolate found with number: 1762931869428291
VMServiceFlutterDriver: Isolate 1762931869428291 is runnable.
VMServiceFlutterDriver: Isolate is paused at start.
VMServiceFlutterDriver: Attempting to resume isolate
I/flutter (12238): 00:00 +0: Native session restore and failed API logout prerequisite
VMServiceFlutterDriver: Connected to Flutter application.
E/libEGL  (12238): called unimplemented OpenGL ES API
D/InsetsController(12238): hide(ime())
I/ImeTracker(12238): com.vocle.regression:918c3d3d: onCancelled at PHASE_CLIENT_ALREADY_HIDDEN
D/ProfileInstaller(12238): Installing profile for com.vocle.regression
E/libEGL  (12238): called unimplemented OpenGL ES API
E/libEGL  (12238): called unimplemented OpenGL ES API
I/flutter (12238): ══╡ EXCEPTION CAUGHT BY RENDERING LIBRARY ╞═════════════════════════════════════════════════════════
I/flutter (12238): The following assertion was thrown during performResize():
I/flutter (12238): Vertical viewport was given unbounded height.
I/flutter (12238): Viewports expand in the scrolling direction to fill their container. In this case, a vertical
I/flutter (12238): viewport was given an unlimited amount of vertical space in which to expand. This situation
I/flutter (12238): typically happens when a scrollable widget is nested inside another scrollable widget.
I/flutter (12238): If this widget is always nested in a scrollable widget there is no need to use a viewport because
I/flutter (12238): there will always be enough vertical space for the children. In this case, consider using a Column
I/flutter (12238): or Wrap instead. Otherwise, consider using a CustomScrollView to concatenate arbitrary slivers into
I/flutter (12238): a single scrollable.
I/flutter (12238):
I/flutter (12238): The relevant error-causing widget was:
I/flutter (12238):   ListView
I/flutter (12238):   ListView:file:///C:/Users/delll/AndroidStudioProjects/Vocle/medcollab-beta-workflows/tests/functional-regression/output/d-d39d3ffe/target/medcollab-app/lib/shared/presentation/widgets/app_skeleton.dart:42:21
I/flutter (12238):
I/flutter (12238): When the exception was thrown, this was the stack:
I/flutter (12238): #0      debugCheckHasBoundedAxis.<anonymous closure> (package:flutter/src/rendering/debug.dart:358:13)
I/flutter (12238): #1      debugCheckHasBoundedAxis (package:flutter/src/rendering/debug.dart:417:4)
I/flutter (12238): #2      RenderViewport.computeDryLayout (package:flutter/src/rendering/viewport.dart:1424:12)
I/flutter (12238): #3      RenderBox.performResize (package:flutter/src/rendering/box.dart:2861:12)
I/flutter (12238): #4      RenderObject.layout (package:flutter/src/rendering/object.dart:2694:9)
I/flutter (12238): #5      RenderProxyBoxMixin.performLayout (package:flutter/src/rendering/proxy_box.dart:115:18)
I/flutter (12238): #6      RenderObject.layout (package:flutter/src/rendering/object.dart:2715:7)
I/flutter (12238): #7      RenderProxyBoxMixin.performLayout (package:flutter/src/rendering/proxy_box.dart:115:18)
I/flutter (12238): #8      RenderObject.layout (package:flutter/src/rendering/object.dart:2715:7)
I/flutter (12238): #9      RenderProxyBoxMixin.performLayout (package:flutter/src/rendering/proxy_box.dart:115:18)
I/flutter (12238): #10     RenderObject.layout (package:flutter/src/rendering/object.dart:2715:7)
I/flutter (12238): #11     RenderProxyBoxMixin.performLayout (package:flutter/src/rendering/proxy_box.dart:115:18)
I/flutter (12238): #12     RenderObject.layout (package:flutter/src/rendering/object.dart:2715:7)
I/flutter (12238): #13     RenderProxyBoxMixin.performLayout (package:flutter/src/rendering/proxy_box.dart:115:18)
I/flutter (12238): #14     RenderObject.layout (package:flutter/src/rendering/object.dart:2715:7)
I/flutter (12238): #15     RenderProxyBoxMixin.performLayout (package:flutter/src/rendering/proxy_box.dart:115:18)
I/flutter (12238): #16     RenderObject.layout (package:flutter/src/rendering/object.dart:2715:7)
I/flutter (12238): #17     RenderProxyBoxMixin.performLayout (package:flutter/src/rendering/proxy_box.dart:115:18)
I/flutter (12238): #18     RenderObject.layout (package:flutter/src/rendering/object.dart:2715:7)
I/flutter (12238): #19     RenderProxyBoxMixin.performLayout (package:flutter/src/rendering/proxy_box.dart:115:18)
I/flutter (12238): #20     _RenderCustomClip.performLayout (package:flutter/src/rendering/proxy_box.dart:1483:11)
I/flutter (12238): #21     RenderObject.layout (package:flutter/src/rendering/object.dart:2715:7)
I/flutter (12238): #22     RenderProxyBoxMixin.performLayout (package:flutter/src/rendering/proxy_box.dart:115:18)
I/flutter (12238): #23     RenderObject.layout (package:flutter/src/rendering/object.dart:2715:7)
I/flutter (12238): #24     RenderProxyBoxMixin.performLayout (package:flutter/src/rendering/proxy_box.dart:115:18)
I/flutter (12238): #25     RenderObject.layout (package:flutter/src/rendering/object.dart:2715:7)
I/flutter (12238): #26     RenderSliverMultiBoxAdaptor.insertAndLayoutChild (package:flutter/src/rendering/sliver_multi_box_adaptor.dart:514:13)
I/flutter (12238): #27     RenderSliverList.performLayout.advance (package:flutter/src/rendering/sliver_list.dart:242:19)
I/flutter (12238): #28     RenderSliverList.performLayout (package:flutter/src/rendering/sliver_list.dart:283:12)
I/flutter (12238): #29     RenderObject.layout (package:flutter/src/rendering/object.dart:2715:7)
I/flutter (12238): #30     RenderSliverEdgeInsetsPadding.performLayout (package:flutter/src/rendering/sliver_padding.dart:133:12)
I/flutter (12238): #31     RenderSliverPadding.performLayout (package:flutter/src/rendering/sliver_padding.dart:371:11)
I/flutter (12238): #32     RenderObject.layout (package:flutter/src/rendering/object.dart:2715:7)
I/flutter (12238): #33     RenderViewportBase.layoutChildSequence (package:flutter/src/rendering/viewport.dart:608:13)
I/flutter (12238): #34     RenderViewport._attemptLayout (package:flutter/src/rendering/viewport.dart:1576:12)
I/flutter (12238): #35     RenderViewport.performLayout (package:flutter/src/rendering/viewport.dart:1467:20)
I/flutter (12238): #36     RenderObject.layout (package:flutter/src/rendering/object.dart:2715:7)
I/flutter (12238): #37     RenderProxyBoxMixin.performLayout (package:flutter/src/rendering/proxy_box.dart:115:18)
I/flutter (12238): #38     RenderObject.layout (package:flutter/src/rendering/object.dart:2715:7)
I/flutter (12238): #39     RenderProxyBoxMixin.performLayout (package:flutter/src/rendering/proxy_box.dart:115:18)
I/flutter (12238): #40     RenderObject.layout (package:flutter/src/rendering/object.dart:2715:7)
I/flutter (12238): #41     RenderProxyBoxMixin.performLayout (package:flutter/src/rendering/proxy_box.dart:115:18)
I/flutter (12238): #42     RenderObject.layout (package:flutter/src/rendering/object.dart:2715:7)
I/flutter (12238): #43     RenderProxyBoxMixin.performLayout (package:flutter/src/rendering/proxy_box.dart:115:18)
I/flutter (12238): #44     RenderObject.layout (package:flutter/src/rendering/object.dart:2715:7)
I/flutter (12238): #45     RenderProxyBoxMixin.performLayout (package:flutter/src/rendering/proxy_box.dart:115:18)
I/flutter (12238): #46     RenderObject.layout (package:flutter/src/rendering/object.dart:2715:7)
I/flutter (12238): #47     RenderProxyBoxMixin.performLayout (package:flutter/src/rendering/proxy_box.dart:115:18)
I/flutter (12238): #48     RenderObject.layout (package:flutter/src/rendering/object.dart:2715:7)
I/flutter (12238): #49     RenderProxyBoxMixin.performLayout (package:flutter/src/rendering/proxy_box.dart:115:18)
I/flutter (12238): #50     RenderObject.layout (package:flutter/src/rendering/object.dart:2715:7)
I/flutter (12238): #51     RenderProxyBoxMixin.performLayout (package:flutter/src/rendering/proxy_box.dart:115:18)
I/flutter (12238): #52     _RenderCustomClip.performLayout (package:flutter/src/rendering/proxy_box.dart:1483:11)
I/flutter (12238): #53     RenderObject.layout (package:flutter/src/rendering/object.dart:2715:7)
I/flutter (12238): #54     RenderPadding.performLayout (package:flutter/src/rendering/shifted_box.dart:243:12)
I/flutter (12238): #55     RenderObject.layout (package:flutter/src/rendering/object.dart:2715:7)
I/flutter (12238): #56     MultiChildLayoutDelegate.layoutChild (package:flutter/src/rendering/custom_layout.dart:180:12)
I/flutter (12238): #57     _ScaffoldLayout.performLayout (package:flutter/src/material/scaffold.dart:1118:7)
I/flutter (12238): #58     MultiChildLayoutDelegate._callPerformLayout (package:flutter/src/rendering/custom_layout.dart:249:7)
I/flutter (12238): #59     RenderCustomMultiChildLayoutBox.performLayout (package:flutter/src/rendering/custom_layout.dart:419:14)
I/flutter (12238): #60     RenderObject.layout (package:flutter/src/rendering/object.dart:2715:7)
I/flutter (12238): #61     RenderProxyBoxMixin.performLayout (package:flutter/src/rendering/proxy_box.dart:115:18)
I/flutter (12238): #62     RenderObject.layout (package:flutter/src/rendering/object.dart:2715:7)
I/flutter (12238): #63     RenderProxyBoxMixin.performLayout (package:flutter/src/rendering/proxy_box.dart:115:18)
I/flutter (12238): #64     _RenderCustomClip.performLayout (package:flutter/src/rendering/proxy_box.dart:1483:11)
I/flutter (12238): #65     RenderObject.layout (package:flutter/src/rendering/object.dart:2715:7)
I/flutter (12238): #66     RenderProxyBoxMixin.performLayout (package:flutter/src/rendering/proxy_box.dart:115:18)
I/flutter (12238): #67     RenderObject.layout (package:flutter/src/rendering/object.dart:2715:7)
I/flutter (12238): #68     RenderProxyBoxMixin.performLayout (package:flutter/src/rendering/proxy_box.dart:115:18)
I/flutter (12238): #69     RenderObject.layout (package:flutter/src/rendering/object.dart:2715:7)
I/flutter (12238): #70     RenderProxyBoxMixin.performLayout (package:flutter/src/rendering/proxy_box.dart:115:18)
I/flutter (12238): #71     RenderObject.layout (package:flutter/src/rendering/object.dart:2715:7)
I/flutter (12238): #72     RenderProxyBoxMixin.performLayout (package:flutter/src/rendering/proxy_box.dart:115:18)
I/flutter (12238): #73     RenderObject.layout (package:flutter/src/rendering/object.dart:2715:7)
I/flutter (12238): #74     RenderProxyBoxMixin.performLayout (package:flutter/src/rendering/proxy_box.dart:115:18)
I/flutter (12238): #75     RenderObject.layout (package:flutter/src/rendering/object.dart:2715:7)
I/flutter (12238): #76     RenderProxyBoxMixin.performLayout (package:flutter/src/rendering/proxy_box.dart:115:18)
I/flutter (12238): #77     RenderObject.layout (package:flutter/src/rendering/object.dart:2715:7)
I/flutter (12238): #78     RenderProxyBoxMixin.performLayout (package:flutter/src/rendering/proxy_box.dart:115:18)
I/flutter (12238): #79     RenderObject.layout (package:flutter/src/rendering/object.dart:2715:7)
I/flutter (12238): #80     RenderProxyBoxMixin.performLayout (package:flutter/src/rendering/proxy_box.dart:115:18)
I/flutter (12238): #81     RenderObject.layout (package:flutter/src/rendering/object.dart:2715:7)
I/flutter (12238): #82     RenderProxyBoxMixin.performLayout (package:flutter/src/rendering/proxy_box.dart:115:18)
I/flutter (12238): #83     RenderObject.layout (package:flutter/src/rendering/object.dart:2715:7)
I/flutter (12238): #84     RenderProxyBoxMixin.performLayout (package:flutter/src/rendering/proxy_box.dart:115:18)
I/flutter (12238): #85     RenderOffstage.performLayout (package:flutter/src/rendering/proxy_box.dart:3750:13)
I/flutter (12238): #86     RenderObject.layout (package:flutter/src/rendering/object.dart:2715:7)
I/flutter (12238): #87     RenderProxyBoxMixin.performLayout (package:flutter/src/rendering/proxy_box.dart:115:18)
I/flutter (12238): #88     RenderObject.layout (package:flutter/src/rendering/object.dart:2715:7)
I/flutter (12238): #89     _RenderTheaterMixin.layoutChild (package:flutter/src/widgets/overlay.dart:1076:13)
I/flutter (12238): #90     _RenderTheater.performLayout (package:flutter/src/widgets/overlay.dart:1422:9)
I/flutter (12238): #91     RenderObject.layout (package:flutter/src/rendering/object.dart:2715:7)
I/flutter (12238): #92     RenderProxyBoxMixin.performLayout (package:flutter/src/rendering/proxy_box.dart:115:18)
I/flutter (12238): #93     RenderObject.layout (package:flutter/src/rendering/object.dart:2715:7)
I/flutter (12238): #94     RenderProxyBoxMixin.performLayout (package:flutter/src/rendering/proxy_box.dart:115:18)
I/flutter (12238): #95     RenderObject.layout (package:flutter/src/rendering/object.dart:2715:7)
I/flutter (12238): #96     RenderProxyBoxMixin.performLayout (package:flutter/src/rendering/proxy_box.dart:115:18)
I/flutter (12238): #97     RenderOffstage.performLayout (package:flutter/src/rendering/proxy_box.dart:3750:13)
I/flutter (12238): #98     RenderObject.layout (package:flutter/src/rendering/object.dart:2715:7)
I/flutter (12238): #99     RenderProxyBoxMixin.performLayout (package:flutter/src/rendering/proxy_box.dart:115:18)
I/flutter (12238): #100    RenderObject.layout (package:flutter/src/rendering/object.dart:2715:7)
I/flutter (12238): #101    RenderProxyBoxMixin.performLayout (package:flutter/src/rendering/proxy_box.dart:115:18)
I/flutter (12238): #102    RenderObject.layout (package:flutter/src/rendering/object.dart:2715:7)
I/flutter (12238): #103    ChildLayoutHelper.layoutChild (package:flutter/src/rendering/layout_helper.dart:62:11)
I/flutter (12238): #104    RenderStack._computeSize (package:flutter/src/rendering/stack.dart:646:43)
I/flutter (12238): #105    RenderStack.performLayout (package:flutter/src/rendering/stack.dart:673:12)
I/flutter (12238): #106    RenderObject.layout (package:flutter/src/rendering/object.dart:2715:7)
I/flutter (12238): #107    MultiChildLayoutDelegate.layoutChild (package:flutter/src/rendering/custom_layout.dart:180:12)
I/flutter (12238): #108    _ScaffoldLayout.performLayout (package:flutter/src/material/scaffold.dart:1118:7)
I/flutter (12238): #109    MultiChildLayoutDelegate._callPerformLayout (package:flutter/src/rendering/custom_layout.dart:249:7)
I/flutter (12238): #110    RenderCustomMultiChildLayoutBox.performLayout (package:flutter/src/rendering/custom_layout.dart:419:14)
I/flutter (12238): #111    RenderObject.layout (package:flutter/src/rendering/object.dart:2715:7)
I/flutter (12238): #112    RenderProxyBoxMixin.performLayout (package:flutter/src/rendering/proxy_box.dart:115:18)
I/flutter (12238): #113    RenderObject.layout (package:flutter/src/rendering/object.dart:2715:7)
I/flutter (12238): #114    RenderProxyBoxMixin.performLayout (package:flutter/src/rendering/proxy_box.dart:115:18)
I/flutter (12238): #115    _RenderCustomClip.performLayout (package:flutter/src/rendering/proxy_box.dart:1483:11)
I/flutter (12238): #116    RenderObject.layout (package:flutter/src/rendering/object.dart:2715:7)
I/flutter (12238): #117    RenderProxyBoxMixin.performLayout (package:flutter/src/rendering/proxy_box.dart:115:18)
I/flutter (12238): #118    RenderObject.layout (package:flutter/src/rendering/object.dart:2715:7)
I/flutter (12238): #119    RenderProxyBoxMixin.performLayout (package:flutter/src/rendering/proxy_box.dart:115:18)
I/flutter (12238): #120    RenderObject.layout (package:flutter/src/rendering/object.dart:2715:7)
I/flutter (12238): #121    RenderProxyBoxMixin.performLayout (package:flutter/src/rendering/proxy_box.dart:115:18)
I/flutter (12238): #122    RenderObject.layout (package:flutter/src/rendering/object.dart:2715:7)
I/flutter (12238): #123    RenderProxyBoxMixin.performLayout (package:flutter/src/rendering/proxy_box.dart:115:18)
I/flutter (12238): #124    RenderObject.layout (package:flutter/src/rendering/object.dart:2715:7)
I/flutter (12238): #125    RenderProxyBoxMixin.performLayout (package:flutter/src/rendering/proxy_box.dart:115:18)
I/flutter (12238): #126    RenderObject.layout (package:flutter/src/rendering/object.dart:2715:7)
I/flutter (12238): 00:05 +0: Native session restore and failed API logout prerequisite [E]
I/flutter (12238):   Test failed. See exception logs above.
I/flutter (12238):   The test description was: Native session restore and failed API logout prerequisite
I/flutter (12238):
I/flutter (12238): 00:05 +0 -1: (tearDownAll)
W/WindowOnBackDispatcher(12238): OnBackInvokedCallback is not enabled for the application.
W/WindowOnBackDispatcher(12238): Set 'android:enableOnBackInvokedCallback="true"' in the application manifest.
Failure Details:
Failure in method: Native session restore and failed API logout prerequisite
══╡ EXCEPTION CAUGHT BY FLUTTER TEST FRAMEWORK ╞═════════════════
The following TestFailure was thrown running a test:
Application framework exception: Multiple exceptions (15) were
detected during the running of the current test, and at least one
was unexpected.

When the exception was thrown, this was the stack:
#0      checkFramework (file:///C:/Users/delll/AndroidStudioProjects/Vocle/medcollab-beta-workflows/tests/functional-regression/output/d-d39d3ffe/target/medcollab-app/integration_test/functional_regression/support/device_harness.dart:163:5)
#1      until (file:///C:/Users/delll/AndroidStudioProjects/Vocle/medcollab-beta-workflows/tests/functional-regression/output/d-d39d3ffe/target/medcollab-app/integration_test/functional_regression/support/device_harness.dart:154:5)
<asynchronous suspension>
#2      launch (file:///C:/Users/delll/AndroidStudioProjects/Vocle/medcollab-beta-workflows/tests/functional-regression/output/d-d39d3ffe/target/medcollab-app/integration_test/functional_regression/support/device_harness.dart:140:3)
<asynchronous suspension>
#3      main.<anonymous closure> (file:///C:/Users/delll/AndroidStudioProjects/Vocle/medcollab-beta-workflows/tests/functional-regression/output/d-d39d3ffe/target/medcollab-app/integration_test/functional_regression/lifecycle_test.dart:84:7)
<asynchronous suspension>
#4      testWidgets.<anonymous closure>.<anonymous closure> (package:flutter_test/src/widget_tester.dart:193:15)
<asynchronous suspension>
#5      TestWidgetsFlutterBinding._runTestBody (package:flutter_test/src/binding.dart:1064:5)
<asynchronous suspension>
#6      TestWidgetsFlutterBinding._createTestCompletionHandler.<anonymous closure> (package:flutter_test/src/binding.dart:814:12)
<asynchronous suspension>

The test description was:
  Native session restore and failed API logout prerequisite
═════════════════════════════════════════════════════════════════

end of failure 1



Leaving the application running.
W/ocle.regression(12238): userfaultfd: MOVE ioctl seems unsupported: Connection timed out
