Running Gradle task 'assembleDebug'...
Warning: The plugin file_picker requires Android SDK version 36 or higher.
For more information about build configuration, see https://flutter.dev/to/review-gradle-config.
Your project is configured to compile against Android SDK 35, but the following plugin(s) require to be compiled against a higher Android SDK version:
- file_picker compiles against Android SDK 36
Fix this issue by compiling against the highest Android SDK version (they are backward compatible).
Add the following to C:\Users\delll\AndroidStudioProjects\Vocle\medcollab-beta-workflows\tests\functional-regression\output\d-d39d3ffe\target\medcollab-app\android\app\build.gradle.kts:

    android {
        compileSdk = 36
        ...
    }

Running Gradle task 'assembleDebug'...                             15.8s
√ Built build\app\outputs\flutter-apk\app-debug.apk
Installing build\app\outputs\flutter-apk\app-debug.apk...        2,048ms
I/ocle.regression(14594): hiddenapi: Accessing hidden method Landroid/view/accessibility/AccessibilityNodeInfo;->getSourceNodeId()J (runtime_flags=0, domain=platform, api=unsupported,test-api) from Lio/flutter/view/AccessibilityViewEmbedder$ReflectionAccessors; (domain=app, TargetSdkVersion=35) using reflection: allowed
I/ocle.regression(14594): hiddenapi: Accessing hidden method Landroid/view/accessibility/AccessibilityRecord;->getSourceNodeId()J (runtime_flags=0, domain=platform, api=unsupported) from Lio/flutter/view/AccessibilityViewEmbedder$ReflectionAccessors; (domain=app, TargetSdkVersion=35) using reflection: allowed
I/ocle.regression(14594): hiddenapi: Accessing hidden field Landroid/view/accessibility/AccessibilityNodeInfo;->mChildNodeIds:Landroid/util/LongArray; (runtime_flags=0, domain=platform, api=unsupported) from Lio/flutter/view/AccessibilityViewEmbedder$ReflectionAccessors; (domain=app, TargetSdkVersion=35) using reflection: allowed
I/ocle.regression(14594): hiddenapi: Accessing hidden method Landroid/util/LongArray;->get(I)J (runtime_flags=0, domain=platform, api=unsupported) from Lio/flutter/view/AccessibilityViewEmbedder$ReflectionAccessors; (domain=app, TargetSdkVersion=35) using reflection: allowed
D/CompatChangeReporter(14594): Compat change id reported: 309578419; UID 10252; state: ENABLED
D/CompatChangeReporter(14594): Compat change id reported: 349153669; UID 10252; state: ENABLED
W/HWUI    (14594): Unknown dataspace 0
I/WindowExtensionsImpl(14594): Initializing Window Extensions, vendor API level=9, activity embedding enabled=true
D/VRI[MainActivity](14594): WindowInsets changed: 1344x2992 statusBars:[0,159,0,0] navigationBars:[0,0,0,72] mandatorySystemGestures:[0,195,0,96]
D/WindowOnBackDispatcher(14594): setTopOnBackInvokedCallback (unwrapped): android.view.ViewRootImpl$$ExternalSyntheticLambda12@6283710
E/libEGL  (14594): called unimplemented OpenGL ES API
I/ocle.regression(14594): Compiler allocated 5087KB to compile void android.view.ViewRootImpl.performTraversals()
I/Choreographer(14594): Skipped 32 frames!  The application may be doing too much work on its main thread.
D/WindowLayoutComponentImpl(14594): Register WindowLayoutInfoListener on Context=com.example.medcollab_app.MainActivity@6468209, of which baseContext=android.app.ContextImpl@657cee6
I/HWUI    (14594): Using FreeType backend (prop=Auto)
VMServiceFlutterDriver: Connecting to Flutter application at http://127.0.0.1:51028/[redacted-vm-service]/
VMServiceFlutterDriver: Isolate found with number: 2291541573248835
VMServiceFlutterDriver: Isolate 2291541573248835 is runnable.
VMServiceFlutterDriver: Isolate is paused at start.
VMServiceFlutterDriver: Attempting to resume isolate
I/flutter (14594): 00:00 +0: FR-JRN-06: Android handoff-cold
VMServiceFlutterDriver: Connected to Flutter application.
E/libEGL  (14594): called unimplemented OpenGL ES API
D/InsetsController(14594): hide(ime())
I/ImeTracker(14594): com.vocle.regression:b0b8b2cc: onCancelled at PHASE_CLIENT_ALREADY_HIDDEN
D/ProfileInstaller(14594): Installing profile for com.vocle.regression
V/Activity(14594): No requestable permission in the request.
E/libEGL  (14594): called unimplemented OpenGL ES API
W/WindowOnBackDispatcher(14594): OnBackInvokedCallback is not enabled for the application.
W/WindowOnBackDispatcher(14594): Set 'android:enableOnBackInvokedCallback="true"' in the application manifest.
E/libEGL  (14594): called unimplemented OpenGL ES API
W/WindowOnBackDispatcher(14594): OnBackInvokedCallback is not enabled for the application.
W/WindowOnBackDispatcher(14594): Set 'android:enableOnBackInvokedCallback="true"' in the application manifest.
I/ImeTracker(14594): com.vocle.regression:832da2e: onRequestShow at ORIGIN_CLIENT reason SHOW_SOFT_INPUT fromUser false
D/InsetsController(14594): show(ime())
D/InsetsController(14594): Setting requestedVisibleTypes to 511 (was 503)
I/ImeTracker(14594): com.vocle.regression:87b1b29a: onRequestShow at ORIGIN_CLIENT reason SHOW_SOFT_INPUT fromUser false
D/InsetsController(14594): show(ime())
I/ImeTracker(14594): com.vocle.regression:87b1b29a: onCancelled at PHASE_CLIENT_REPORT_REQUESTED_VISIBLE_TYPES
D/InputConnectionAdaptor(14594): The input method toggled cursor monitoring on
I/AssistStructure(14594): Flattened final assist data: 636 bytes, containing 1 windows, 4 views
D/WindowOnBackDispatcher(14594): setTopOnBackInvokedCallback (unwrapped): android.view.ImeBackAnimationController@8aebcf
D/VRI[MainActivity](14594): WindowInsets changed: ime:[0,0,0,1008]
W/InteractionJankMonitor(14594): Initializing without READ_DEVICE_CONFIG permission. enabled=false, interval=1, missedFrameThreshold=3, frameTimeThreshold=64, package=com.vocle.regression
W/ocle.regression(14594): userfaultfd: MOVE ioctl seems unsupported: Try again
I/ocle.regression(14594): Background concurrent mark compact GC freed 7251KB AllocSpace bytes, 161(5804KB) LOS objects, 49% free, 4051KB/8102KB, paused 1.710ms,6.752ms total 80.656ms
E/libEGL  (14594): called unimplemented OpenGL ES API
E/libEGL  (14594): call to OpenGL ES API with no current context (logged once per thread)
I/ImeTracker(14594): com.vocle.regression:832da2e: onShown
I/ImeTracker(14594): com.vocle.regression:69bec141: onRequestHide at ORIGIN_CLIENT reason HIDE_SOFT_INPUT fromUser false
D/InsetsController(14594): hide(ime())
D/WindowOnBackDispatcher(14594): setTopOnBackInvokedCallback (unwrapped): android.view.ViewRootImpl$$ExternalSyntheticLambda12@6283710
D/InsetsController(14594): Setting requestedVisibleTypes to 503 (was 511)
D/VRI[MainActivity](14594): WindowInsets changed: ime:null
I/ImeTracker(14594): system_server:756508a4: onCancelled at PHASE_CLIENT_ON_CONTROLS_CHANGED
I/flutter (14594): ══╡ EXCEPTION CAUGHT BY FLUTTER TEST FRAMEWORK ╞════════════════════════════════════════════════════
I/flutter (14594): The following assertion was thrown running a test:
I/flutter (14594):
I/flutter (14594):
I/flutter (14594): emit was called after an event handler completed normally.
I/flutter (14594): This is usually due to an unawaited future in an event handler.
I/flutter (14594): Please make sure to await all asynchronous operations with event handlers
I/flutter (14594): and use emit.isDone after asynchronous operations before calling emit() to
I/flutter (14594): ensure the event handler has not completed.
I/flutter (14594):
I/flutter (14594):   **BAD**
I/flutter (14594):   on<Event>((event, emit) {
I/flutter (14594):     future.whenComplete(() => emit(...));
I/flutter (14594):   });
I/flutter (14594):
I/flutter (14594):   **GOOD**
I/flutter (14594):   on<Event>((event, emit) async {
I/flutter (14594):     await future.whenComplete(() => emit(...));
I/flutter (14594):   });
I/flutter (14594): 'package:bloc/src/emitter.dart':
I/flutter (14594): Failed assertion: line 114 pos 7: '!_isCompleted'
I/flutter (14594):
I/flutter (14594): When the exception was thrown, this was the stack:
I/flutter (14594): #2      _Emitter.call (package:bloc/src/emitter.dart:114:7)
I/flutter (14594): #3      AuthBloc._onOtpSubmitted.<anonymous closure> (package:medcollab_app/features/auth/presentation/bloc/auth_bloc.dart:244:17)
I/flutter (14594): (elided 13 frames from class _AssertionError and dart:async)
I/flutter (14594):
I/flutter (14594): The test description was:
I/flutter (14594):   FR-JRN-06: Android handoff-cold
I/flutter (14594): ════════════════════════════════════════════════════════════════════════════════════════════════════
I/flutter (14594): 00:07 +0: FR-JRN-06: Android handoff-cold [E]
I/flutter (14594):   Test failed. See exception logs above.
I/flutter (14594):   The test description was: FR-JRN-06: Android handoff-cold
I/flutter (14594):
I/flutter (14594):   'package:flutter_test/src/binding.dart': Failed assertion: line 2148 pos 12: '_pendingFrame == null': is not true.
I/flutter (14594):   dart:core-patch/errors_patch.dart 63:4            _AssertionError._doThrowNew
I/flutter (14594):   dart:core-patch/errors_patch.dart 45:5            _AssertionError._throwNew
I/flutter (14594):   package:flutter_test/src/binding.dart 2148:12     LiveTestWidgetsFlutterBinding.postTest
I/flutter (14594):   dart:async/future.dart 315:27                     new Future.sync
I/flutter (14594):   package:test_api/src/backend/invoker.dart 236:18  Invoker.runTearDowns.<fn>.<fn>
I/flutter (14594):   package:test_api/src/backend/invoker.dart 258:17  Invoker._waitForOutstandingCallbacks.<fn>
I/flutter (14594):   dart:async/zone.dart 1525:13                      _rootRun
I/flutter (14594):   dart:async/zone.dart 1422:19                      _CustomZone.run
I/flutter (14594):   dart:async/zone.dart 2034:6                       _runZoned
I/flutter (14594):   dart:async/zone.dart 1960:10                      runZoned
I/flutter (14594):   package:test_api/src/backend/invoker.dart 254:5   Invoker._waitForOutstandingCallbacks
I/flutter (14594):   package:test_api/src/backend/invoker.dart 235:9   Invoker.runTearDowns.<fn>
I/flutter (14594):   dart:async/zone.dart 1525:13                      _rootRun
I/flutter (14594):   dart:async/zone.dart 1422:19
I/flutter (14594): 00:07 +0 -1: (tearDownAll)
V/Activity(14594): No requestable permission in the request.
I/flutter (14594): 00:07 +0 -1: FR-JRN-06: Android handoff-cold
Failure Details:
Failure in method: FR-JRN-06: Android handoff-cold
══╡ EXCEPTION CAUGHT BY FLUTTER TEST FRAMEWORK ╞═════════════════
The following assertion was thrown running a test:


emit was called after an event handler completed normally.
This is usually due to an unawaited future in an event handler.
Please make sure to await all asynchronous operations with event
handlers
and use emit.isDone after asynchronous operations before calling
emit() to
ensure the event handler has not completed.

  **BAD**
  on<Event>((event, emit) {
    future.whenComplete(() => emit(...));
  });

  **GOOD**
  on<Event>((event, emit) async {
    await future.whenComplete(() => emit(...));
  });
'package:bloc/src/emitter.dart':
Failed assertion: line 114 pos 7: '!_isCompleted'

When the exception was thrown, this was the stack:
#2      _Emitter.call (package:bloc/src/emitter.dart:114:7)
#3      AuthBloc._onOtpSubmitted.<anonymous closure> (package:medcollab_app/features/auth/presentation/bloc/auth_bloc.dart:244:17)
(elided 13 frames from class _AssertionError and dart:async)

The test description was:
  FR-JRN-06: Android handoff-cold
═════════════════════════════════════════════════════════════════

end of failure 1



Leaving the application running.
