Running Gradle task 'assembleDebug'...
Warning: The plugin file_picker requires Android SDK version 36 or higher.
For more information about build configuration, see https://flutter.dev/to/review-gradle-config.
Your project is configured to compile against Android SDK 35, but the following plugin(s) require to be compiled against a higher Android SDK version:
- file_picker compiles against Android SDK 36
Fix this issue by compiling against the highest Android SDK version (they are backward compatible).
Add the following to C:\Users\delll\AppData\Local\Temp\vocle-device-yPXN37\medcollab-app\android\app\build.gradle.kts:

    android {
        compileSdk = 36
        ...
    }

Running Gradle task 'assembleDebug'...                             39.5s
√ Built build\app\outputs\flutter-apk\app-debug.apk
Installing build\app\outputs\flutter-apk\app-debug.apk...        1,747ms
I/flutter (22093): The Dart VM service is listening on http://127.0.0.1:42715/[redacted-vm-service]/
D/FLTFireContextHolder(22093): received application context.
I/ocle.regression(22093): hiddenapi: Accessing hidden method Landroid/view/accessibility/AccessibilityNodeInfo;->getSourceNodeId()J (runtime_flags=0, domain=platform, api=unsupported,test-api) from Lio/flutter/view/AccessibilityViewEmbedder$ReflectionAccessors; (domain=app, TargetSdkVersion=35) using reflection: allowed
I/ocle.regression(22093): hiddenapi: Accessing hidden method Landroid/view/accessibility/AccessibilityRecord;->getSourceNodeId()J (runtime_flags=0, domain=platform, api=unsupported) from Lio/flutter/view/AccessibilityViewEmbedder$ReflectionAccessors; (domain=app, TargetSdkVersion=35) using reflection: allowed
I/ocle.regression(22093): hiddenapi: Accessing hidden field Landroid/view/accessibility/AccessibilityNodeInfo;->mChildNodeIds:Landroid/util/LongArray; (runtime_flags=0, domain=platform, api=unsupported) from Lio/flutter/view/AccessibilityViewEmbedder$ReflectionAccessors; (domain=app, TargetSdkVersion=35) using reflection: allowed
I/ocle.regression(22093): hiddenapi: Accessing hidden method Landroid/util/LongArray;->get(I)J (runtime_flags=0, domain=platform, api=unsupported) from Lio/flutter/view/AccessibilityViewEmbedder$ReflectionAccessors; (domain=app, TargetSdkVersion=35) using reflection: allowed
D/CompatChangeReporter(22093): Compat change id reported: 309578419; UID 10274; state: ENABLED
D/CompatChangeReporter(22093): Compat change id reported: 349153669; UID 10274; state: ENABLED
W/HWUI    (22093): Unknown dataspace 0
I/WindowExtensionsImpl(22093): Initializing Window Extensions, vendor API level=9, activity embedding enabled=true
D/VRI[MainActivity](22093): WindowInsets changed: 1344x2992 statusBars:[0,159,0,0] navigationBars:[0,0,0,72] mandatorySystemGestures:[0,195,0,96]
VMServiceFlutterDriver: Connecting to Flutter application at http://127.0.0.1:59729/[redacted-vm-service]/
D/WindowOnBackDispatcher(22093): setTopOnBackInvokedCallback (unwrapped): android.view.ViewRootImpl$$ExternalSyntheticLambda12@6283710
E/libEGL  (22093): called unimplemented OpenGL ES API
VMServiceFlutterDriver: Isolate found with number: 5680191576512899
I/ocle.regression(22093): Compiler allocated 5087KB to compile void android.view.ViewRootImpl.performTraversals()
VMServiceFlutterDriver: Isolate 5680191576512899 is runnable.
VMServiceFlutterDriver: Isolate is paused at start.
VMServiceFlutterDriver: Attempting to resume isolate
I/Choreographer(22093): Skipped 73 frames!  The application may be doing too much work on its main thread.
I/flutter (22093): 00:00 +0: Cold handoff prerequisite clears the native session
I/HWUI    (22093): Using FreeType backend (prop=Auto)
VMServiceFlutterDriver: Connected to Flutter application.
D/WindowLayoutComponentImpl(22093): Register WindowLayoutInfoListener on Context=com.example.medcollab_app.MainActivity@6468209, of which baseContext=android.app.ContextImpl@e16ff79
D/ProfileInstaller(22093): Installing profile for com.vocle.regression
E/libEGL  (22093): called unimplemented OpenGL ES API
I/Choreographer(22093): Skipped 75 frames!  The application may be doing too much work on its main thread.
V/Configuration(22093): Updating configuration, locales updated from [en_US] to [en]
V/Configuration(22093): Updating configuration, locales updated from [en] to [en_US]
D/InsetsController(22093): hide(ime())
I/ImeTracker(22093): com.vocle.regression:31924c56: onCancelled at PHASE_CLIENT_ALREADY_HIDDEN
W/ocle.regression(22093): userfaultfd: MOVE ioctl seems unsupported: Try again
I/ocle.regression(22093): Background concurrent mark compact GC freed 2672KB AllocSpace bytes, 6(224KB) LOS objects, 49% free, 3369KB/6739KB, paused 1.195ms,14.638ms total 192.281ms
E/libEGL  (22093): called unimplemented OpenGL ES API
I/flutter (22093): 00:05 +1: (tearDownAll)
All tests passed.
Leaving the application running.
