Running Gradle task 'assembleDebug'...
Warning: The plugin file_picker requires Android SDK version 36 or higher.
For more information about build configuration, see https://flutter.dev/to/review-gradle-config.
Your project is configured to compile against Android SDK 35, but the following plugin(s) require to be compiled against a higher Android SDK version:
- file_picker compiles against Android SDK 36
Fix this issue by compiling against the highest Android SDK version (they are backward compatible).
Add the following to C:\Users\delll\AppData\Local\Temp\vocle-device-yPXN37\medcollab-app\android\app\build.gradle.kts:

    android {
        compileSdk = 36
        ...
    }

Running Gradle task 'assembleDebug'...                             28.6s
√ Built build\app\outputs\flutter-apk\app-debug.apk
Installing build\app\outputs\flutter-apk\app-debug.apk...        1,596ms
I/flutter (21206): The Dart VM service is listening on http://127.0.0.1:43523/[redacted-vm-service]/
D/FLTFireContextHolder(21206): received application context.
I/ocle.regression(21206): hiddenapi: Accessing hidden method Landroid/view/accessibility/AccessibilityNodeInfo;->getSourceNodeId()J (runtime_flags=0, domain=platform, api=unsupported,test-api) from Lio/flutter/view/AccessibilityViewEmbedder$ReflectionAccessors; (domain=app, TargetSdkVersion=35) using reflection: allowed
I/ocle.regression(21206): hiddenapi: Accessing hidden method Landroid/view/accessibility/AccessibilityRecord;->getSourceNodeId()J (runtime_flags=0, domain=platform, api=unsupported) from Lio/flutter/view/AccessibilityViewEmbedder$ReflectionAccessors; (domain=app, TargetSdkVersion=35) using reflection: allowed
I/ocle.regression(21206): hiddenapi: Accessing hidden field Landroid/view/accessibility/AccessibilityNodeInfo;->mChildNodeIds:Landroid/util/LongArray; (runtime_flags=0, domain=platform, api=unsupported) from Lio/flutter/view/AccessibilityViewEmbedder$ReflectionAccessors; (domain=app, TargetSdkVersion=35) using reflection: allowed
I/ocle.regression(21206): hiddenapi: Accessing hidden method Landroid/util/LongArray;->get(I)J (runtime_flags=0, domain=platform, api=unsupported) from Lio/flutter/view/AccessibilityViewEmbedder$ReflectionAccessors; (domain=app, TargetSdkVersion=35) using reflection: allowed
D/CompatChangeReporter(21206): Compat change id reported: 309578419; UID 10271; state: ENABLED
D/CompatChangeReporter(21206): Compat change id reported: 349153669; UID 10271; state: ENABLED
W/HWUI    (21206): Unknown dataspace 0
I/WindowExtensionsImpl(21206): Initializing Window Extensions, vendor API level=9, activity embedding enabled=true
VMServiceFlutterDriver: Connecting to Flutter application at http://127.0.0.1:34392/[redacted-vm-service]/
D/VRI[MainActivity](21206): WindowInsets changed: 1344x2992 statusBars:[0,159,0,0] navigationBars:[0,0,0,72] mandatorySystemGestures:[0,195,0,96]
D/WindowOnBackDispatcher(21206): setTopOnBackInvokedCallback (unwrapped): android.view.ViewRootImpl$$ExternalSyntheticLambda12@6283710
VMServiceFlutterDriver: Isolate found with number: 5383668545062315
E/libEGL  (21206): called unimplemented OpenGL ES API
I/ocle.regression(21206): Compiler allocated 5087KB to compile void android.view.ViewRootImpl.performTraversals()
VMServiceFlutterDriver: Isolate 5383668545062315 is runnable.
VMServiceFlutterDriver: Isolate is paused at start.
VMServiceFlutterDriver: Attempting to resume isolate
I/Choreographer(21206): Skipped 42 frames!  The application may be doing too much work on its main thread.
D/WindowLayoutComponentImpl(21206): Register WindowLayoutInfoListener on Context=com.example.medcollab_app.MainActivity@6468209, of which baseContext=android.app.ContextImpl@9e24ed4
I/HWUI    (21206): Using FreeType backend (prop=Auto)
I/flutter (21206): 00:00 +0: Native session seed prerequisite
VMServiceFlutterDriver: Connected to Flutter application.
E/libEGL  (21206): called unimplemented OpenGL ES API
V/Configuration(21206): Updating configuration, locales updated from [en_US] to [en]
V/Configuration(21206): Updating configuration, locales updated from [en] to [en_US]
D/ProfileInstaller(21206): Installing profile for com.vocle.regression
D/InsetsController(21206): hide(ime())
I/ImeTracker(21206): com.vocle.regression:b6b53827: onCancelled at PHASE_CLIENT_ALREADY_HIDDEN
W/ocle.regression(21206): userfaultfd: MOVE ioctl seems unsupported: Connection timed out
E/libEGL  (21206): called unimplemented OpenGL ES API
I/flutter (21206): 00:04 +1: (tearDownAll)
All tests passed.
Leaving the application running.
